rendered 00_intro 7
rendered 01_chapter1 2
rendered 02_story 4
rendered 03_bullets 7
rendered 04_business_impact 2
rendered 05_chapter2 2
rendered 06_story 4
rendered 07_tables 2
rendered 08_tables 2
rendered 09_data_flow 4
rendered 10_chapter3 2
rendered 11_tables 2
rendered 12_spot_issues 1
rendered 13_bullets 5
rendered 14_tables 2
rendered 15_bullets 6
rendered 16_chapter4 2
rendered 17_story 4
rendered 18_flow 7
rendered 19_chapter5 2
rendered 20_bullets 7
rendered 21_code 20
rendered 22_validation_visual 4
rendered 23_story 4
rendered 24_code 23
rendered 25_bullets 5
rendered 26_chapter6 2
rendered 27_story 4
rendered 28_duplicate_example 2
rendered 29_bullets 5
rendered 30_code 18
rendered 31_dedup_visual 4
rendered 32_bullets 5
rendered 33_code 18
rendered 34_mistakes 4
rendered 35_chapter7 2
rendered 36_story 4
rendered 37_compare 3
rendered 38_code 16
rendered 39_reconciliation_visual 5
rendered 40_tables 2
rendered 41_chapter8 2
rendered 42_story 4
rendered 43_code 17
rendered 44_tables 2
rendered 45_bullets 7
rendered 46_compare 3
rendered 47_practice1_q 5
rendered 48_practice1_a 12
rendered 49_hook 2
rendered 50_quiz1 6
rendered 51_bullets 7
rendered 52_flow 6
rendered 53_computer_reconciliation 5
rendered 54_story 4
rendered 55_bullets 7
rendered 56_bullets 6
rendered 57_outro 7
